################################################################################
#                                                                              #
#      IAR Universal Linker V6.5.1.95                                          #
#                                                                              #
#           Link time     =  18/Apr/2019  19:01:55                             #
#           Target CPU    =  MSP430                                            #
#           List file     =  C:\Users\Argus\Documents\embedded_project\4_ADC_D #
#                            AC_Test\Debug\List\ADC_DAC.map                    #
#           Output file 1 =  C:\Users\Argus\Documents\embedded_project\4_ADC_D #
#                            AC_Test\Debug\Exe\ADC_DAC.d43                     #
#                            Format: ubrof10                                   #
#                            UBROF version 10.0.6                              #
#                            Using library modules for C-SPY (-rt)             #
#           Command line  =  -f C:\Users\Argus\AppData\Local\Temp\EWE7B.tmp    #
#                            (C:\Users\Argus\Documents\embedded_project\4_ADC_ #
#                            DAC_Test\Debug\Obj\main.r43                       #
#                            -o                                                #
#                            C:\Users\Argus\Documents\embedded_project\4_ADC_D #
#                            AC_Test\Debug\Exe\ADC_DAC.d43                     #
#                            -l                                                #
#                            C:\Users\Argus\Documents\embedded_project\4_ADC_D #
#                            AC_Test\Debug\List\ADC_DAC.map                    #
#                            -xms                                              #
#                            "-IC:\Program Files (x86)\IAR Systems\Embedded Wo #
#                            rkbench 8.0\430\LIB\"                             #
#                            -f                                                #
#                            "C:\Program Files (x86)\IAR Systems\Embedded Work #
#                            bench 8.0\430\config\linker\lnk430f2274.xcl"      #
#                            (-cmsp430 -QCODE_I=CODE_ID -QTLS16_I=TLS16_ID     #
#                            -Z(CONST)INFO=1000-10FF                           #
#                            -Z(CONST)INFOA=10C0-10FF                          #
#                            -Z(CONST)INFOB=1080-10BF                          #
#                            -Z(CONST)INFOC=1040-107F                          #
#                            -Z(CONST)INFOD=1000-103F                          #
#                            -Z(DATA)DATA16_I,DATA16_Z,DATA16_N,TLS16_I=0200-0 #
#                            5FF                                               #
#                            -Z(DATA)DATA16_HEAP+_DATA16_HEAP_SIZE             #
#                            -Z(DATA)CODE_I -Z(DATA)CSTACK+_STACK_SIZE#        #
#                            -Z(CONST)DATA16_C,DATA16_ID,TLS16_ID,DIFUNCT,CHEC #
#                            KSUM=8000-FFDD                                    #
#                            -Z(CODE)CSTART,ISR_CODE,CODE_ID=8000-FFDD         #
#                            -P(CODE)CODE=8000-FFDD                            #
#                            -Z(CONST)SIGNATURE=FFDE-FFDF                      #
#                            -Z(CODE)INTVEC=FFE0-FFFF                          #
#                            -Z(CODE)RESET=FFFE-FFFF) -D_STACK_SIZE=50 -rt     #
#                            "C:\Program Files (x86)\IAR Systems\Embedded Work #
#                            bench 8.0\430\lib\dlib\dl430fn.r43"               #
#                            -e_PrintfTiny=_Printf -e_ScanfLarge=_Scanf        #
#                            -D_DATA16_HEAP_SIZE=50 -s __program_start         #
#                            -D_DATA20_HEAP_SIZE=50)                           #
#                                                                              #
#                           Copyright (C) 1987-2016 IAR Systems AB.            #
################################################################################





                ****************************************
                *                                      *
                *           CROSS REFERENCE            *
                *                                      *
                ****************************************

       Program entry at :           8000  Relocatable, from module : ?cstart




                ****************************************
                *                                      *
                *            RUNTIME MODEL             *
                *                                      *
                ****************************************

  __Heap_Handler             = Basic
  __SystemLibrary            = DLib
  __core                     = 430
  __dlib_file_descriptor     = 0
  __dlib_full_locale_support = 0
  __double_size              = 32
  __pic                      = no
  __reg_r4                   = free
  __reg_r5                   = free
  __rt_version               = 3

                ****************************************
                *                                      *
                *    AUTOMATIC SYMBOL REDIRECTIONS     *
                *                                      *
                ****************************************

                  There are no automatic symbol redirections.



                ****************************************
                *                                      *
                *              MODULE MAP              *
                *                                      *
                ****************************************


  DEFINED ABSOLUTE ENTRIES
    *************************************************************************

  DEFINED ABSOLUTE ENTRIES
  PROGRAM MODULE, NAME : ?ABS_ENTRY_MOD

Absolute parts
           ENTRY                   ADDRESS         REF BY
           =====                   =======         ======
           _DATA20_HEAP_SIZE       0050 
           _DATA16_HEAP_SIZE       0050 
           _STACK_SIZE             0050 
    *************************************************************************

  FILE NAME : C:\Users\Argus\Documents\embedded_project\4_ADC_DAC_Test\Debug\Obj\main.r43
  PROGRAM MODULE, NAME : main

  SEGMENTS IN THE MODULE
  ======================
DATA16_AN
  Relative segment, address: 0003 - 0003 (0x1 bytes), align: 0
  Segment part 1. ROOT        Intra module refs:   IsrCaptureData
           ENTRY                   ADDRESS         REF BY
           =====                   =======         ======
           IFG2                    0003 
    -------------------------------------------------------------------------
DATA16_AN
  Relative segment, address: 004A - 004A (0x1 bytes), align: 0
  Segment part 2. ROOT        Intra module refs:   InitPorts
           ENTRY                   ADDRESS         REF BY
           =====                   =======         ======
           ADC10AE0                004A 
    -------------------------------------------------------------------------
DATA16_AN
  Relative segment, address: 01B0 - 01B1 (0x2 bytes), align: 0
  Segment part 3. ROOT        Intra module refs:   main
           ENTRY                   ADDRESS         REF BY
           =====                   =======         ======
           ADC10CTL0               01B0 
    -------------------------------------------------------------------------
DATA16_AN
  Relative segment, address: 01B2 - 01B3 (0x2 bytes), align: 0
  Segment part 4. ROOT        Intra module refs:   main
           ENTRY                   ADDRESS         REF BY
           =====                   =======         ======
           ADC10CTL1               01B2 
    -------------------------------------------------------------------------
DATA16_AN
  Relative segment, address: 01B4 - 01B5 (0x2 bytes), align: 0
  Segment part 5. ROOT        Intra module refs:   IsrCaptureData
           ENTRY                   ADDRESS         REF BY
           =====                   =======         ======
           ADC10MEM                01B4 
    -------------------------------------------------------------------------
DATA16_AN
  Relative segment, address: 0056 - 0056 (0x1 bytes), align: 0
  Segment part 6. ROOT        Intra module refs:   main
           ENTRY                   ADDRESS         REF BY
           =====                   =======         ======
           DCOCTL                  0056 
    -------------------------------------------------------------------------
DATA16_AN
  Relative segment, address: 0057 - 0057 (0x1 bytes), align: 0
  Segment part 7. ROOT        Intra module refs:   main
           ENTRY                   ADDRESS         REF BY
           =====                   =======         ======
           BCSCTL1                 0057 
    -------------------------------------------------------------------------
DATA16_AN
  Relative segment, address: 0021 - 0021 (0x1 bytes), align: 0
  Segment part 8. ROOT        Intra module refs:   InitPorts
                                                   IsrCaptureData
           ENTRY                   ADDRESS         REF BY
           =====                   =======         ======
           P1OUT                   0021 
    -------------------------------------------------------------------------
DATA16_AN
  Relative segment, address: 0022 - 0022 (0x1 bytes), align: 0
  Segment part 9. ROOT        Intra module refs:   InitPorts
           ENTRY                   ADDRESS         REF BY
           =====                   =======         ======
           P1DIR                   0022 
    -------------------------------------------------------------------------
DATA16_AN
  Relative segment, address: 0023 - 0023 (0x1 bytes), align: 0
  Segment part 10. ROOT       Intra module refs:   IsrCaptureData
           ENTRY                   ADDRESS         REF BY
           =====                   =======         ======
           P1IFG                   0023 
    -------------------------------------------------------------------------
DATA16_AN
  Relative segment, address: 0029 - 0029 (0x1 bytes), align: 0
  Segment part 11. ROOT       Intra module refs:   InitPorts
                                                   IsrCaptureData
           ENTRY                   ADDRESS         REF BY
           =====                   =======         ======
           P2OUT                   0029 
    -------------------------------------------------------------------------
DATA16_AN
  Relative segment, address: 002A - 002A (0x1 bytes), align: 0
  Segment part 12. ROOT       Intra module refs:   InitPorts
           ENTRY                   ADDRESS         REF BY
           =====                   =======         ======
           P2DIR                   002A 
    -------------------------------------------------------------------------
DATA16_AN
  Relative segment, address: 002E - 002E (0x1 bytes), align: 0
  Segment part 13. ROOT       Intra module refs:   InitPorts
           ENTRY                   ADDRESS         REF BY
           =====                   =======         ======
           P2SEL                   002E 
    -------------------------------------------------------------------------
DATA16_AN
  Relative segment, address: 001A - 001A (0x1 bytes), align: 0
  Segment part 14. ROOT       Intra module refs:   InitPorts
           ENTRY                   ADDRESS         REF BY
           =====                   =======         ======
           P3DIR                   001A 
    -------------------------------------------------------------------------
DATA16_AN
  Relative segment, address: 001B - 001B (0x1 bytes), align: 0
  Segment part 15. ROOT       Intra module refs:   InitPorts
           ENTRY                   ADDRESS         REF BY
           =====                   =======         ======
           P3SEL                   001B 
    -------------------------------------------------------------------------
DATA16_AN
  Relative segment, address: 0068 - 0068 (0x1 bytes), align: 0
  Segment part 16. ROOT       Intra module refs:   main
           ENTRY                   ADDRESS         REF BY
           =====                   =======         ======
           UCB0CTL0                0068 
    -------------------------------------------------------------------------
DATA16_AN
  Relative segment, address: 0069 - 0069 (0x1 bytes), align: 0
  Segment part 17. ROOT       Intra module refs:   IsrCaptureData
                                                   main
           ENTRY                   ADDRESS         REF BY
           =====                   =======         ======
           UCB0CTL1                0069 
    -------------------------------------------------------------------------
DATA16_AN
  Relative segment, address: 006A - 006A (0x1 bytes), align: 0
  Segment part 18. ROOT       Intra module refs:   main
           ENTRY                   ADDRESS         REF BY
           =====                   =======         ======
           UCB0BR0                 006A 
    -------------------------------------------------------------------------
DATA16_AN
  Relative segment, address: 006B - 006B (0x1 bytes), align: 0
  Segment part 19. ROOT       Intra module refs:   main
           ENTRY                   ADDRESS         REF BY
           =====                   =======         ======
           UCB0BR1                 006B 
    -------------------------------------------------------------------------
DATA16_AN
  Relative segment, address: 006D - 006D (0x1 bytes), align: 0
  Segment part 20. ROOT       Intra module refs:   IsrCaptureData
           ENTRY                   ADDRESS         REF BY
           =====                   =======         ======
           UCB0STAT                006D 
    -------------------------------------------------------------------------
DATA16_AN
  Relative segment, address: 006F - 006F (0x1 bytes), align: 0
  Segment part 21. ROOT       Intra module refs:   IsrCaptureData
           ENTRY                   ADDRESS         REF BY
           =====                   =======         ======
           UCB0TXBUF               006F 
    -------------------------------------------------------------------------
DATA16_AN
  Relative segment, address: 0120 - 0121 (0x2 bytes), align: 0
  Segment part 22. ROOT       Intra module refs:   main
           ENTRY                   ADDRESS         REF BY
           =====                   =======         ======
           WDTCTL                  0120 
    -------------------------------------------------------------------------
DATA16_AN
  Relative segment, address: 10F8 - 10F8 (0x1 bytes), align: 0
  Segment part 23. ROOT       Intra module refs:   main
           ENTRY                   ADDRESS         REF BY
           =====                   =======         ======
           CALDCO_16MHZ            10F8 
    -------------------------------------------------------------------------
DATA16_AN
  Relative segment, address: 10F9 - 10F9 (0x1 bytes), align: 0
  Segment part 24. ROOT       Intra module refs:   main
           ENTRY                   ADDRESS         REF BY
           =====                   =======         ======
           CALBC1_16MHZ            10F9 
    -------------------------------------------------------------------------
DATA16_Z
  Relative segment, address: 0200 - 0201 (0x2 bytes), align: 1
  Segment part 27.            Intra module refs:   IsrCaptureData
           ENTRY                   ADDRESS         REF BY
           =====                   =======         ======
           dacWordOut              0200 
    -------------------------------------------------------------------------
<CODE> 1 (was CODE)
  Relative segment, address: 8018 - 806F (0x58 bytes), align: 1
  Segment part 28.            Intra module refs:   IsrCaptureData::??INTVEC 10
           ENTRY                   ADDRESS         REF BY
           =====                   =======         ======
           IsrCaptureData          8018 
               interrupt function
    -------------------------------------------------------------------------
<CODE> 1 (was CODE)
  Relative segment, address: 80B4 - 80E3 (0x30 bytes), align: 1
  Segment part 29.            Intra module refs:   main
           ENTRY                   ADDRESS         REF BY
           =====                   =======         ======
           InitPorts               80B4 
    -------------------------------------------------------------------------
<CODE> 1 (was CODE)
  Relative segment, address: 8070 - 80B3 (0x44 bytes), align: 1
  Segment part 30.
           ENTRY                   ADDRESS         REF BY
           =====                   =======         ======
           main                    8070            Segment part 19 (?cstart)
               calls direct
    -------------------------------------------------------------------------
INTVEC
  Common segment, address: FFE0 - FFEB (0xc bytes), align: 1
  Segment part 25. ROOT 
           ENTRY                   ADDRESS         REF BY
           =====                   =======         ======
           IsrCaptureData::??INTVEC 10
                                   FFEA 

    *************************************************************************

  FILE NAME : C:\Program Files (x86)\IAR Systems\Embedded Workbench 8.0\430\lib\dlib\dl430fn.r43
  LIBRARY MODULE, NAME : ?__dbg_break

  SEGMENTS IN THE MODULE
  ======================
<CODE> 1 (was CODE)
  Relative segment, address: 810E - 810F (0x2 bytes), align: 1
  Segment part 2.
           ENTRY                   ADDRESS         REF BY
           =====                   =======         ======
           __DebugBreak            810E            __exit (?__exit)

    -------------------------------------------------------------------------
  LIBRARY MODULE, NAME : ?__exit

  SEGMENTS IN THE MODULE
  ======================
<CODE> 1 (was CODE)
  Relative segment, address: 80E4 - 80F5 (0x12 bytes), align: 1
  Segment part 2.
           ENTRY                   ADDRESS         REF BY
           =====                   =======         ======
           __exit                  80E4            Segment part 6 (?_exit)
                                                   _exit (?_exit)
               calls direct

    -------------------------------------------------------------------------
  LIBRARY MODULE, NAME : ?_exit

  SEGMENTS IN THE MODULE
  ======================
<CODE> 1 (was CODE)
  Relative segment, address: 810A, align: 1
  Segment part 0.
           ENTRY                   ADDRESS         REF BY
           =====                   =======         ======
           _exit                   810A            exit (?exit)
    -------------------------------------------------------------------------
<CODE> 1 (was CODE)
  Relative segment, address: 810A - 810D (0x4 bytes), align: 1
  Segment part 6.             Intra module refs:   _exit

    -------------------------------------------------------------------------
  LIBRARY MODULE, NAME : ?cstart

  SEGMENTS IN THE MODULE
  ======================
CSTACK
  Relative segment, address: 05B0, align: 1
  Segment part 1.
    -------------------------------------------------------------------------
DATA16_Z
  Relative segment, address: 0202, align: 1
  Segment part 2.
    -------------------------------------------------------------------------
CSTART
  Relative segment, address: 8000 - 8003 (0x4 bytes), align: 1
  Segment part 9.
           ENTRY                   ADDRESS         REF BY
           =====                   =======         ======
           __program_start         8000            ?reset_vector (?reset_vector)
                                                   Absolute parts (?ABS_ENTRY_MOD)
           ?cstart_begin           8000 
    -------------------------------------------------------------------------
CSTART
  Relative segment, address: 8004 - 800F (0xc bytes), align: 1
  Segment part 14.
           ENTRY                   ADDRESS         REF BY
           =====                   =======         ======
           ?cstart_init_zero       8004            dacWordOut (main)
    -------------------------------------------------------------------------
CSTART
  Relative segment, address: 8010 - 8017 (0x8 bytes), align: 1
  Segment part 19.            Intra module refs:   Segment part 9
           ENTRY                   ADDRESS         REF BY
           =====                   =======         ======
           ?cstart_call_main       8010 
           ?cstart_end             8018 

    -------------------------------------------------------------------------
  LIBRARY MODULE, NAME : ?reset_vector

  SEGMENTS IN THE MODULE
  ======================
RESET
  Relative segment, address: FFFE - FFFF (0x2 bytes), align: 1
  Segment part 0.
           ENTRY                   ADDRESS         REF BY
           =====                   =======         ======
           ?reset_vector           FFFE            Segment part 9 (?cstart)

    -------------------------------------------------------------------------
  LIBRARY MODULE, NAME : ?exit

  SEGMENTS IN THE MODULE
  ======================
<CODE> 1 (was CODE)
  Relative segment, address: 8106 - 8109 (0x4 bytes), align: 1
  Segment part 2.
           ENTRY                   ADDRESS         REF BY
           =====                   =======         ======
           exit                    8106            Segment part 19 (?cstart)
               calls direct

    -------------------------------------------------------------------------
  LIBRARY MODULE, NAME : ?memzero

  SEGMENTS IN THE MODULE
  ======================
<CODE> 1 (was CODE)
  Relative segment, address: 80F6 - 8105 (0x10 bytes), align: 1
  Segment part 2.
           ENTRY                   ADDRESS         REF BY
           =====                   =======         ======
           __data16_memzero        80F6            ?cstart_init_zero (?cstart)




                ****************************************
                *                                      *
                *      SEGMENTS IN ADDRESS ORDER       *
                *                                      *
                ****************************************


SEGMENT              SPACE    START ADDRESS   END ADDRESS     SIZE  TYPE  ALIGN
=======              =====    =============   ===========     ====  ====  =====
DATA16_AN                              0003 - 0003               1   rel    0
                                       001A - 001B               2 
                                       0021 - 0023               3 
                                       0029 - 002A               2 
                                       002E - 002E               1 
                                       004A - 004A               1 
                                       0056 - 0057               2 
                                       0068 - 006B               4 
                                       006D - 006D               1 
                                       006F - 006F               1 
                                       0120 - 0121               2 
                                       01B0 - 01B5               6 
DATA16_I                                  0200                       dse    0
DATA16_Z                               0200 - 0201               2   rel    1
CSTACK                                 05B0 - 05FF              50   rel    1
DATA16_AN                              10F8 - 10F9               2   rel    0
CSTART                                 8000 - 8017              18   rel    1
<CODE> 1                               8018 - 810F              F8   rel    1
INTVEC                                 FFE0 - FFEB               C   com    1
RESET                                  FFFE - FFFF               2   rel    1

                ****************************************
                *                                      *
                *        END OF CROSS REFERENCE        *
                *                                      *
                ****************************************

 286 bytes of CODE memory
  82 bytes of DATA memory (+ 28 absolute )

Errors: none
Warnings: none

